// Jest Snapshot v1, https://goo.gl/fbAQLP

exports[`snapshot testing snappshot for App component 1`] = `
Array [
  <button
    className="MuiButtonBase-root MuiButton-root MuiButton-text MuiButton-textSecondary"
    disabled={false}
    onBlur={[Function]}
    onClick={[Function]}
    onDragLeave={[Function]}
    onFocus={[Function]}
    onKeyDown={[Function]}
    onKeyUp={[Function]}
    onMouseDown={[Function]}
    onMouseLeave={[Function]}
    onMouseUp={[Function]}
    onTouchEnd={[Function]}
    onTouchMove={[Function]}
    onTouchStart={[Function]}
    tabIndex={0}
    type="button"
  >
    <span
      className="MuiButton-label"
    >
      View All Posts
    </span>
  </button>,
  <button
    className="MuiButtonBase-root MuiButton-root MuiButton-text MuiButton-textSecondary"
    disabled={false}
    onBlur={[Function]}
    onClick={[Function]}
    onDragLeave={[Function]}
    onFocus={[Function]}
    onKeyDown={[Function]}
    onKeyUp={[Function]}
    onMouseDown={[Function]}
    onMouseLeave={[Function]}
    onMouseUp={[Function]}
    onTouchEnd={[Function]}
    onTouchMove={[Function]}
    onTouchStart={[Function]}
    tabIndex={0}
    type="button"
  >
    <span
      className="MuiButton-label"
    >
      Select by Author
    </span>
  </button>,
]
`;

exports[`snapshot testing snappshot for Author component 1`] = `
<div>
  <fieldset
    className="MuiFormControl-root"
  >
    <div
      aria-label="authors"
      className="MuiFormGroup-root"
      role="radiogroup"
    >
      <label
        className="MuiFormControlLabel-root"
      >
        <span
          aria-disabled={false}
          className="MuiButtonBase-root MuiIconButton-root PrivateSwitchBase-root-1 MuiRadio-root MuiRadio-colorSecondary MuiIconButton-colorSecondary"
          onBlur={[Function]}
          onClick={[Function]}
          onDragLeave={[Function]}
          onFocus={[Function]}
          onKeyDown={[Function]}
          onKeyUp={[Function]}
          onMouseDown={[Function]}
          onMouseLeave={[Function]}
          onMouseUp={[Function]}
          onTouchEnd={[Function]}
          onTouchMove={[Function]}
          onTouchStart={[Function]}
          tabIndex={null}
        >
          <span
            className="MuiIconButton-label"
          >
            <input
              checked={false}
              className="PrivateSwitchBase-input-4"
              disabled={false}
              name="authors"
              onChange={[Function]}
              type="radio"
            />
            <div
              className="PrivateRadioButtonIcon-root-5"
            >
              <svg
                aria-hidden={true}
                className="MuiSvgIcon-root"
                focusable="false"
                viewBox="0 0 24 24"
              >
                <path
                  d="M12 2C6.48 2 2 6.48 2 12s4.48 10 10 10 10-4.48 10-10S17.52 2 12 2zm0 18c-4.42 0-8-3.58-8-8s3.58-8 8-8 8 3.58 8 8-3.58 8-8 8z"
                />
              </svg>
              <svg
                aria-hidden={true}
                className="MuiSvgIcon-root PrivateRadioButtonIcon-layer-6"
                focusable="false"
                viewBox="0 0 24 24"
              >
                <path
                  d="M8.465 8.465C9.37 7.56 10.62 7 12 7C14.76 7 17 9.24 17 12C17 13.38 16.44 14.63 15.535 15.535C14.63 16.44 13.38 17 12 17C9.24 17 7 14.76 7 12C7 10.62 7.56 9.37 8.465 8.465Z"
                />
              </svg>
            </div>
          </span>
        </span>
        <span
          className="MuiTypography-root MuiFormControlLabel-label MuiTypography-body1"
        />
      </label>
    </div>
  </fieldset>
  
</div>
`;

exports[`snapshot testing snappshot for Authors component 1`] = `null`;

exports[`snapshot testing snappshot for Posts component 1`] = `null`;
